// Jest Snapshot v1, https://goo.gl/fbAQLP

exports[`renders component without errors 1`] = `ShallowWrapper {}`;
